// Jest Snapshot v1, https://goo.gl/fbAQLP

exports[`Should FavoritesPage render correctly 1`] = `
<div
  className="loading"
>
  Loading ...
</div>
`;
