// Jest Snapshot v1, https://goo.gl/fbAQLP

exports[`withFormState is rendered correctly 1`] = `<div />`;
