// Jest Snapshot v1, https://goo.gl/fbAQLP

exports[`withTextValue is rendered correctly 1`] = `<div />`;
